// Vitest Snapshot v1, https://vitest.dev/guide/snapshot.html

exports[`MyComponent > matches the snapshot when there are events 1`] = `
"<v-dialog modelvalue="false" persistent="" max-width="300px">
  <v-card>
    <v-card-title class="text-h5">Confirm Delete</v-card-title>
    <v-card-text>Are you sure you want to delete this event?</v-card-text>
    <v-card-actions>
      <v-spacer></v-spacer>
      <v-btn color="blue darken-1" text="">Cancel</v-btn>
      <v-btn color="red darken-1" text="">Delete</v-btn>
    </v-card-actions>
  </v-card>
</v-dialog>
<v-card style="margin: auto; max-width: 70vw;">
  <v-card-title> Events <v-spacer></v-spacer>
    <v-btn color="primary" dark="">Add Event</v-btn>
  </v-card-title>
  <v-card-text>
    <v-text-field modelvalue="" label="Search Events" outlined="" clearable=""></v-text-field>
    <v-data-table headers="[object Object],[object Object],[object Object],[object Object],[object Object]" items="[object Object]" search=""></v-data-table>
  </v-card-text>
  <v-dialog modelvalue="false" max-width="800px">
    <v-card>
      <v-card-title>Add an Event</v-card-title>
      <v-card-text>
        <v-text-field modelvalue="" label="Event Name" outlined=""></v-text-field>
        <v-textarea modelvalue="" label="Description" outlined=""></v-textarea>
        <v-text-field class="mb-3" loading="false" outlined="" clearable="" label="Location" modelvalue="" append-inner-icon="mdi-magnify"></v-text-field>
        <!--v-if-->
        <v-autocomplete modelvalue="" items="" label="Items allowed to be requested" chips="" clearable="" multiple=""></v-autocomplete>
      </v-card-text>
      <v-card-actions>
        <v-spacer></v-spacer>
        <v-btn color="blue darken-1" text="">Cancel</v-btn>
        <v-btn color="blue darken-1" text="">Save</v-btn>
      </v-card-actions>
    </v-card>
  </v-dialog>
</v-card>"
`;
